(gdb) break 5
Breakpoint 1 at 0x8048423: file exploit4.c, line 5.
(gdb) run "AAAAAAAAAAA"
Starting program: /home/ubuntu/Desktop/CS-6035-Project-1/exploit4 "AAAAAAAAAAA"
Breakpoint 1, foo (bar=0xbffff344 'A' <repeats 11 times>) at exploit4.c:7
7	   strcpy(c, bar);  // no bounds checking

(gdb) bt
#0  foo (bar=0xbffff344 'A' <repeats 11 times>) at exploit4.c:7
#1  0x08048450 in main (argc=2, argv=0xbffff144) at exploit4.c:12
(gdb) next
8	}
(gdb) bt
#0  foo (bar=0xbffff344 'A' <repeats 11 times>) at exploit4.c:8
#1  0x08048450 in main (argc=2, argv=0xbffff144) at exploit4.c:12
(gdb) next
main (argc=2, argv=0xbffff144) at exploit4.c:13
13	}
(gdb) bt
#0  main (argc=2, argv=0xbffff144) at exploit4.c:13
(gdb) next
__libc_start_main (main=0x8048437 <main>, argc=2, argv=0xbffff144, init=0x8048460 <__libc_csu_init>, fini=0x80484d0 <__libc_csu_fini>, 
    rtld_fini=0xb7fed180 <_dl_fini>, stack_end=0xbffff13c) at libc-start.c:321
321	libc-start.c: No such file or directory.
(gdb) bt
#0  __libc_start_main (main=0x8048437 <main>, argc=2, argv=0xbffff144, init=0x8048460 <__libc_csu_init>, fini=0x80484d0 <__libc_csu_fini>, 
    rtld_fini=0xb7fed180 <_dl_fini>, stack_end=0xbffff13c) at libc-start.c:321
#1  0x08048341 in _start ()
(gdb) next
[Inferior 1 (process 2737) exited with code 0174]
(gdb) list
	316	in libc-start.c
////////////////////////////////////////////////////////////////////////////////////////////////////second lap with 12x'A':
(gdb) run "AAAAAAAAAAAA"
Starting program: /home/ubuntu/Desktop/CS-6035-Project-1/exploit4 "AAAAAAAAAAAA"

Breakpoint 1, foo (bar=0xbffff343 'A' <repeats 12 times>) at exploit4.c:7
7	   strcpy(c, bar);  // no bounds checking
(gdb) next
8	}
(gdb) next
main (argc=-1073745884, argv=0x804a00c <strcpy@got.plt>) at exploit4.c:13
13	}(gdb) bt
#0  main (argc=-1073745884, argv=0x804a00c <strcpy@got.plt>) at exploit4.c:13
(gdb) next
0x00000000 in ?? ()
(gdb) bt
#0  0x00000000 in ?? ()
#1  0xbffff024 in ?? ()
Backtrace stopped: previous frame inner to this frame (corrupt stack?)
(gdb) next
Cannot find bounds of current function
(gdb) bt
#0  0x00000000 in ?? ()
#1  0xbffff024 in ?? ()
Backtrace stopped: previous frame inner to this frame (corrupt stack?)
(gdb) continue
Continuing.

Program received signal SIGSEGV, Segmentation fault.
0x00000000 in ?? ()
(gdb) list
8	}
9	
10	int main (int argc, char **argv)
11	{
12		foo(argv[1]);
13	}(gdb) quit
A debugging session is active.

	Inferior 1 [process 2742] will be killed.

Quit anyway? (y or n) n
Not confirmed.
(gdb) continue
Continuing.

Program terminated with signal SIGSEGV, Segmentation fault.
The program no longer exists.
(gdb) list
Line number 14 out of range; exploit4.c has 13 lines.
(gdb)  
